[dotenv@17.2.3] injecting env (30) from .env.local -- tip: ÔÜÖ´©Å  enable debug logging with { debug: true }
­ƒöÉ Authenticating as Banker...
node.exe : 
At C:\Program Files\nodejs\npx.ps1:29 char:3
+   & $NODE_EXE $NPX_CLI_JS $args
+   ~~~~~~~~~~~~~~~~~~~~~~~~~~~~~
    + CategoryInfo          : NotSpecified: (:String) [], RemoteException
    + FullyQualifiedErrorId : NativeCommandError
 
ÔØî TEST FAILED: Error: Banker login failed: Missing route context 
parameters
    at run (X:\03_Personal_Projects\Tools\bnkcore\scripts\test-onboarding-f
low.ts:112:40)
    at process.processTicksAndRejections 
(node:internal/process/task_queues:105:5)
